// Jest Snapshot v1, https://goo.gl/fbAQLP

exports[`<SiramoLogo /> snapshot Testing snapshot works! 1`] = `
<View
  style={
    Object {
      "alignItems": "center",
      "flex": 1,
      "justifyContent": "center",
      "padding": 10,
    }
  }
>
  <Image
    source={1}
    style={
      Object {
        "height": 40,
        "marginBottom": 4,
        "marginTop": 4,
        "width": 180,
      }
    }
  />
</View>
`;
